C:\Users\Hermocrate\Desktop\Yo-Ji-Hu\src\main\java\org\example\data\FabriqueDeck.java
C:\Users\Hermocrate\Desktop\Yo-Ji-Hu\src\main\java\org\example\Main.java
C:\Users\Hermocrate\Desktop\Yo-Ji-Hu\src\main\java\org\example\model\Carte.java
C:\Users\Hermocrate\Desktop\Yo-Ji-Hu\src\main\java\org\example\model\CarteMagie.java
C:\Users\Hermocrate\Desktop\Yo-Ji-Hu\src\main\java\org\example\model\CarteMonstre.java
C:\Users\Hermocrate\Desktop\Yo-Ji-Hu\src\main\java\org\example\model\CarteMonstreEffet.java
C:\Users\Hermocrate\Desktop\Yo-Ji-Hu\src\main\java\org\example\model\CartePiege.java
C:\Users\Hermocrate\Desktop\Yo-Ji-Hu\src\main\java\org\example\model\DeclencheurPiege.java
C:\Users\Hermocrate\Desktop\Yo-Ji-Hu\src\main\java\org\example\model\EffetCarte.java
C:\Users\Hermocrate\Desktop\Yo-Ji-Hu\src\main\java\org\example\model\EffetMonstre.java
C:\Users\Hermocrate\Desktop\Yo-Ji-Hu\src\main\java\org\example\model\EmplacementCarte.java
C:\Users\Hermocrate\Desktop\Yo-Ji-Hu\src\main\java\org\example\model\Joueur.java
C:\Users\Hermocrate\Desktop\Yo-Ji-Hu\src\main\java\org\example\model\ModePose.java
C:\Users\Hermocrate\Desktop\Yo-Ji-Hu\src\main\java\org\example\model\Partie.java
C:\Users\Hermocrate\Desktop\Yo-Ji-Hu\src\main\java\org\example\model\PhaseTour.java
C:\Users\Hermocrate\Desktop\Yo-Ji-Hu\src\main\java\org\example\model\PositionCarte.java
C:\Users\Hermocrate\Desktop\Yo-Ji-Hu\src\main\java\org\example\model\Terrain.java
C:\Users\Hermocrate\Desktop\Yo-Ji-Hu\src\main\java\org\example\model\ZoneMagiePiege.java
C:\Users\Hermocrate\Desktop\Yo-Ji-Hu\src\main\java\org\example\model\ZoneMonstre.java
C:\Users\Hermocrate\Desktop\Yo-Ji-Hu\src\main\java\org\example\view\AccueilView.java
C:\Users\Hermocrate\Desktop\Yo-Ji-Hu\src\main\java\org\example\view\CarteView.java
C:\Users\Hermocrate\Desktop\Yo-Ji-Hu\src\main\java\org\example\view\DosCarteView.java
C:\Users\Hermocrate\Desktop\Yo-Ji-Hu\src\main\java\org\example\view\SelectionManager.java
C:\Users\Hermocrate\Desktop\Yo-Ji-Hu\src\main\java\org\example\view\TerrainView.java
C:\Users\Hermocrate\Desktop\Yo-Ji-Hu\src\main\java\org\example\view\ZoneMagiePiegeView.java
C:\Users\Hermocrate\Desktop\Yo-Ji-Hu\src\main\java\org\example\view\ZoneMonstreView.java
